=== 2026-10-04 11:31:41 1-SOURCES/Translations/bo-ratnagunasancayagatha.md -> en
source     : 1-SOURCES/Translations/bo-ratnagunasancayagatha.md
target     : english (en)   focus=tibetan
track      : 3-TRANSFORMATIONS/Translations/Dharmamitra/en
blocks     : 308 total, 6 already in ledger, 302 to do
batching   : 104 calls for 302 blocks (<=3 blocks, <=900 chars, <=32 lines per call)
[1/104] ^1-3,^1-4,^1-5  (3 blk, 574 src, 3597 payload) … 2.8s  If you ask why, it is because whatever system of Dha
[2/104] ^1-6,^1-7,^1-8  (3 blk, 546 src, 3611 payload) … 2.8s  Just as a wandering mendicant, through his knowledge
[3/104] ^1-9,^1-10,^1-11  (3 blk, 574 src, 3526 payload) … 2.3s  One who does not practice in form, feeling, percepti
[4/104] ^1-12,^1-13,^1-14  (3 blk, 557 src, 3565 payload) … 2.5s  That which does not exist is called "nonexistent."
[5/104] ^1-15,^1-16,^1-17  (3 blk, 544 src, 3513 payload) … 2.3s  If one asks, "Why is this person called a 'bodhisatt
[6/104] ^1-18,^1-19,^1-20  (3 blk, 542 src, 3475 payload) … 2.4s  For example, just as a magician might create an illu
[7/104] ^1-21,^1-22,^1-23  (3 blk, 568 src, 3517 payload) … 2.3s  One who rides cannot perceive any direction toward w
[8/104] ^1-24,^1-25,^1-26  (3 blk, 555 src, 3484 payload) … 2.1s  If one gives rise to the perception of sentient bein
[9/104] ^1-27,^1-28  (2 blk, 233 src, 3220 payload) … 1.5s  Any bodhisattva who practices in that way without do
[10/104] ^2-1,^2-2,^2-3  (3 blk, 551 src, 3194 payload) … 2.2s  One who does not dwell in form, does not dwell in fe
[11/104] ^2-4,^2-5,^2-6  (3 blk, 549 src, 3563 payload) … 2.6s  Those who think, "May I become a disciple of the Sug
[12/104] ^2-7,^2-8,^2-9  (3 blk, 568 src, 3532 payload) … 2.7s  The wise and learned Bodhisattva who practices in th
[13/104] ^2-10,^2-11,^2-12  (3 blk, 547 src, 3541 payload) … 2.1s  The nature of all objective referents is boundless;
[14/104] ^2-13,^2-14,^2-15  (3 blk, 552 src, 3483 payload) … 2.3s  When I spoke in accordance with this supreme perfect
[15/104] ^2-16,^2-17,^2-18  (3 blk, 578 src, 3491 payload) … 3.0s  If in infinite tens of millions of realms,
[16/104] ^2-19,^2-20,^2-21  (3 blk, 545 src, 3509 payload) … 2.0s  Those who engage in the practice of benefit and comp
[17/104] ^2-22,^2-23,^2-24  (3 blk, 557 src, 3491 payload) … 2.0s  The Victor, having been asked a question by Śakra, r
[18/104] ^2-25,^2-26,^2-27  (3 blk, 566 src, 3541 payload) … 2.6s  Likewise, through the qualities of the supreme perfe
[19/104] ^2-28,^2-29,^2-30  (3 blk, 559 src, 3605 payload) … 2.0s  In the same way, these five perfections of the Victo
[20/104] ^2-31,^2-32,^2-33  (3 blk, 571 src, 3425 payload) … 2.4s  If someone were to take as many sentient beings as t
[21/104] ^2-34,^2-35,^2-36  (3 blk, 569 src, 3614 payload) … 2.2s  Just as when the solar orb radiates its web of light
[22/104] ^2-37,^2-38,^2-39  (3 blk, 590 src, 3634 payload) …     ! 429 rate-limited; waiting 20s (attempt 1/6)
23.1s  Whatever sentient beings there are in this world tha
[23/104] ^2-40,^2-41,^2-42  (3 blk, 564 src, 3614 payload) … 2.6s  From the time they first generate the aspiration for
[24/104] ^2-43,^2-44,^2-45  (3 blk, 528 src, 3520 payload) … 2.3s  If one understands that these phenomena have ceased 
[25/104] ^2-46,^2-47,^2-48  (3 blk, 560 src, 3429 payload) … 2.2s  If one dedicates merit to enlightenment in this way,
[26/104] ^2-49,^2-50,^2-51  (3 blk, 565 src, 3439 payload) … 2.5s  When conditioned and unconditioned phenomena, as wel
[27/104] ^2-52,^2-53,^2-54  (3 blk, 553 src, 3507 payload) … 2.0s  Even if one has honored billions of Buddhas in forme
[28/104] ^3-1,^3-2,^3-3  (3 blk, 601 src, 3596 payload) … 2.3s  The third chapter teaches the knowledge of all bases
[29/104] ^3-4,^3-5  (2 blk, 363 src, 3462 payload) … 1.8s  The wise and luminous bodhisattva who practices in t
[30/104] ^4-1,^4-2,^4-3  (3 blk, 632 src, 3594 payload) … 2.8s  The fourth chapter explains the complete realization
[31/104] ^4-4,^4-5,^4-6  (3 blk, 549 src, 3637 payload) … 2.1s  Likewise, when seeking complete awakening, those who
[32/104] ^4-7,^4-8,^4-9  (3 blk, 558 src, 3443 payload) … 2.6s  When the leaves have emerged on the trees during the
[33/104] ^4-10,^4-11,^4-12  (3 blk, 570 src, 3481 payload) … 2.2s  Whoever practices here does not conceptualize the Bu
[34/104] ^4-13,^4-14,^4-15  (3 blk, 540 src, 3525 payload) … 2.0s  When this is explained, some will harbor doubts, thi
[35/104] ^4-16,^4-17,^4-18  (3 blk, 550 src, 3479 payload) … 2.1s  They will desire honor and desire gain,
[36/104] ^4-19,^4-20,^4-21  (3 blk, 553 src, 3424 payload) … 2.3s  Whatever priceless jewels may be found,
[37/104] ^4-22,^4-23,^4-24  (3 blk, 596 src, 3504 payload) … 2.4s  All those who have passed, the current Protectors of
[38/104] ^4-25,^4-26,^4-27  (3 blk, 577 src, 3554 payload) … 2.8s  The Perfection of Wisdom is the pleasure grove where
[39/104] ^4-28,^4-29,^4-30  (3 blk, 564 src, 3560 payload) … 3.4s  One does not see forms, nor does one see feelings,
[40/104] ^4-31,^4-32,^4-33  (3 blk, 554 src, 3440 payload) … 3.1s  Just as a king does not travel to towns or the count
[41/104] ^4-34,^4-35,^4-36  (3 blk, 360 src, 3352 payload) … 1.9s  In this way, those endowed with faith who have attai
[42/104] ^4-37,^4-38,^4-39  (3 blk, 561 src, 3059 payload) … 2.0s  Likewise, although a bodhisattva may possess great f
[43/104] ^4-40,^4-41,^4-42  (3 blk, 557 src, 3515 payload) … 2.4s  Just as a person who is a hundred and twenty years o
[44/104] ^4-43,^4-44,^4-45  (3 blk, 576 src, 3498 payload) … 2.2s  Why is that? Because the qualities of the wise arise
[45/104] ^4-46,^4-47,^4-48  (3 blk, 566 src, 3583 payload) … 2.1s  Those of great renown don the armor of difficult dee
[46/104] ^4-49,^4-50,^4-51  (3 blk, 569 src, 3614 payload) … 3.0s  Sentient beings delight in foundations and desire se
[47/104] ^4-52,^4-53,^4-54  (3 blk, 534 src, 3514 payload) … 2.0s  The awakening of the Sugatas is free from any differ
[48/104] ^4-55,^4-56,^4-57  (3 blk, 563 src, 3448 payload) … 2.1s  Whoever wishes to set forth in this Buddha vehicle
[49/104] ^4-58,^4-59,^4-60  (3 blk, 570 src, 3551 payload) … 1.9s  They teach the Dharma to beings without any regard f
[50/104] ^4-61,^4-62,^4-63  (3 blk, 563 src, 3714 payload) … 2.8s  They do not act as diviners, predicting whether thos
[51/104] ^4-64,^4-65,^4-66  (3 blk, 578 src, 3737 payload) … 2.3s  Any bodhisattva who has become profound in that way,
[52/104] ^4-67,^4-68,^4-69  (3 blk, 565 src, 3590 payload) … 2.7s  Any bodhisattva who meditates on the supreme perfect
[53/104] ^4-70,^4-71,^4-72  (3 blk, 533 src, 3472 payload) … 2.7s  Whatever is called the perfection of the Victors,
[54/104] ^4-73,^4-74,^4-75  (3 blk, 553 src, 3440 payload) … 2.0s  From a seed, the sprout, flower, and fruit arise;
[55/104] ^4-76,^4-77,^4-78  (3 blk, 580 src, 3503 payload) … 2.0s  A bodhisattva practicing in this way has no conceit,
[56/104] ^4-79,^4-80,^4-81  (3 blk, 562 src, 3632 payload) … 2.4s  For example, a skillful person endowed with all exce
[57/104] ^4-82,^4-83,^4-84  (3 blk, 532 src, 3501 payload) … 1.9s  Wind relies upon space, and the mass of water relies
[58/104] ^4-85,^4-86,^4-87  (3 blk, 541 src, 3409 payload) … 2.7s  A bird flying in the sky has no fixed station;
[59/104] ^4-88,^4-89,^4-90  (3 blk, 547 src, 3440 payload) … 2.9s  For example, a monk endowed with the supreme power o
[60/104] ^4-91,^4-92,^4-93  (3 blk, 577 src, 3526 payload) … 2.2s  Likewise, the wise bodhisattva abides in compassion,
[61/104] ^4-94,^4-95,^4-96  (3 blk, 548 src, 3502 payload) … 3.3s  For example, in order to gain knowledge of the route
[62/104] ^4-97,^4-98  (2 blk, 361 src, 3388 payload) … 2.0s  For example, just as the body of a magically conjure
[63/104] ^5-1,^5-2,^5-3  (3 blk, 619 src, 3549 payload) … 2.7s  The fifth chapter explains the clear realization of 
[64/104] ^5-4,^5-5,^5-6  (3 blk, 585 src, 3700 payload) … 2.2s  Or if, because they have acquired various blessings 
[65/104] ^5-7,^5-8,^5-9  (3 blk, 578 src, 3541 payload) … 2.9s  A bodhisattva who frequents secluded villages, citie
[66/104] ^5-10,^5-11,^5-12  (3 blk, 570 src, 3500 payload) … 2.6s  A bodhisattva who strives for the benefit of beings 
[67/104] ^5-13,^5-14,^5-15  (3 blk, 575 src, 3613 payload) … 2.0s  Bodhisattvas who have entered the supreme awakening 
[68/104] ^5-16,^5-17,^5-18  (3 blk, 560 src, 3608 payload) … 3.2s  Sentient beings, completely famished, desire food,
[69/104] ^5-19,^5-20,^5-21  (3 blk, 573 src, 3573 payload) … 2.3s  However many sentient beings there are throughout Ja
[70/104] ^5-22,^5-23,^5-24  (3 blk, 554 src, 3606 payload) … 2.9s  Any bodhisattva who has long been connected to this,
[71/104] ^5-25,^5-26,^5-27  (3 blk, 569 src, 3520 payload) … 2.0s  Like the sun, free from clouds and arrayed in a latt
[72/104] ^5-28,^5-29,^5-30  (3 blk, 569 src, 3512 payload) … 2.0s  In this way, the bodhisattva who is skilled in the p
[73/104] ^5-31,^5-32,^5-33  (3 blk, 562 src, 3562 payload) … 2.5s  When bodhisattvas fight and quarrel,
[74/104] ^5-34,^5-35,^5-36  (3 blk, 573 src, 3513 payload) … 2.3s  The Buddhas reached awakening through the perfection
[75/104] ^5-37,^5-38,^5-39  (3 blk, 551 src, 3527 payload) … 2.0s  In this way, the wise light-makers train in wisdom;
[76/104] ^5-40,^5-41,^5-42  (3 blk, 545 src, 3472 payload) … 2.8s  Bodhisattvas, being skillful, train in whatever qual
[77/104] ^5-43,^5-44,^5-45  (3 blk, 556 src, 3616 payload) … 2.5s  Any bodhisattva who fully understands that all pheno
[78/104] ^5-46,^5-47,^5-48  (3 blk, 555 src, 3474 payload) … 2.3s  In the same way, while practicing wisdom, it never o
[79/104] ^5-49,^5-50,^5-51  (3 blk, 580 src, 3496 payload) … 2.3s  To those who practice skillfully in this way, the ma
[80/104] ^5-52,^5-53,^5-54  (3 blk, 576 src, 3537 payload) … 2.6s  When this Perfection of Wisdom, the Mother of the Ta
[81/104] ^5-55,^5-56,^5-57  (3 blk, 554 src, 3585 payload) … 2.1s  Apart from the liberation of the Tathāgatas and the 
[82/104] ^5-58,^5-59,^5-60  (3 blk, 566 src, 3536 payload) … 2.8s  When the Guides fully describe the trainings,
[83/104] ^5-61,^5-62,^5-63  (3 blk, 565 src, 3530 payload) … 2.5s  The Buddha’s heirs, the listeners, the solitary real
[84/104] ^5-64,^5-65,^5-66  (3 blk, 547 src, 3526 payload) … 2.7s  Any bodhisattva who, regarding dependent origination
[85/104] ^5-67,^5-68,^5-69  (3 blk, 554 src, 3598 payload) … 2.8s  This is a marvelous and wondrous accumulation of qua
[86/104] ^5-70,^5-71,^5-72  (3 blk, 574 src, 3537 payload) … 2.3s  The great beings exist solely to bring sentient bein
[87/104] ^5-73,^5-74,^5-75  (3 blk, 578 src, 3597 payload) … 2.7s  If a bodhisattva, while dwelling in meditative absor
[88/104] ^5-76,^5-77,^5-78  (3 blk, 554 src, 3689 payload) … 2.1s  Whether they are reviled or even constantly beaten,
[89/104] ^5-79,^5-80,^5-81  (3 blk, 582 src, 3520 payload) … 2.7s  Any bodhisattva who wishes to remain for a long time
[90/104] ^5-82,^5-83,^5-84  (3 blk, 562 src, 3606 payload) … 4.4s  If someone were to say, "After you have demolished M
[91/104] ^5-85,^5-86,^5-87  (3 blk, 574 src, 3513 payload) … 2.5s  When they have no perception of a body, a mind, or a
[92/104] ^5-88,^5-89,^5-90  (3 blk, 561 src, 3601 payload) … 1.8s  The body of one who abides in patience becomes compl
[93/104] ^5-91,^5-92,^5-93  (3 blk, 592 src, 3518 payload) … 2.3s  One who practices patience should also cultivate thi
[94/104] ^5-94,^5-95,^5-96  (3 blk, 585 src, 3608 payload) … 2.9s  If one wishes to attain the awakening of an Arhat or
[95/104] ^5-97,^5-98,^5-99  (3 blk, 586 src, 3699 payload) … 2.1s  If, for ten million eons, one practices the ten path
[96/104] ^5-100,^5-101,^5-102  (3 blk, 540 src, 3629 payload) … 3.0s  For one who has no perception of a self or perceptio
[97/104] ^5-103,^5-104,^5-105  (3 blk, 565 src, 3568 payload) … 2.3s  Those who grasp at the actual perception of a self a
[98/104] ^5-106,^5-107,^5-108  (3 blk, 545 src, 3594 payload) … 2.1s  Having given a gift, one does not dwell upon it as a
[99/104] ^5-109,^5-110  (2 blk, 379 src, 3404 payload) … 1.9s  Just as a single precious lapis lazuli gem outshines
[100/104] ^6-1,^6-2,^6-3  (3 blk, 634 src, 3533 payload) … 2.6s  The sixth chapter explains the gradual path.
[101/104] ^6-4  (1 blk, 181 src, 3015 payload) … 1.9s  Through wisdom, one thoroughly understands the natur
[102/104] ^7-1  (1 blk, 113 src, 2827 payload) … 2.0s  The seventh chapter: teaching the attainment of comp
[103/104] ^8-1,^8-2,^8-3  (3 blk, 444 src, 3302 payload) … 2.2s  The eighth chapter: teaching the Dharmakāya.
[104/104] ^8-4  (1 blk, 110 src, 2423 payload) … 2.3s  Translated and finalized by the Indian preceptor Vid

wrote 3-TRANSFORMATIONS/Translations/Dharmamitra/en/bo-ratnagunasancayagatha-en.md  (308/308 blocks)
ledger 3-TRANSFORMATIONS/Translations/Dharmamitra/en/work/bo-ratnagunasancayagatha-en.jsonl
calls  104 planned for 302 blocks; 302 blocks translated
note   14 block(s) where the translation's line count differs from the source's (id: source→output): ^1-16: 3→4, ^2-15: 3→4, ^4-54: 4→3, ^4-63: 4→3, ^4-74: 4→3, ^4-87: 4→3, ^5-7: 4→3, ^5-23: 4→3, ^5-24: 4→2, ^5-52: 4→3 …
source     : 1-SOURCES/Translations/bo-ratnagunasancayagatha.md
target     : english (en)   mode=headings
track      : 3-TRANSFORMATIONS/Translations/Dharmamitra/en
headings   : 9 total, 9 already in ledger, 0 to do
batching   : 0 calls for 0 headings (<=15 per call)

wrote 3-TRANSFORMATIONS/Translations/Dharmamitra/en/bo-ratnagunasancayagatha-en.md  (0 heading(s) translated this run)
=== 2026-10-04 11:43:04 1-SOURCES/Commentaries/bo-mipham-lekshe.md -> en
seeded 3-TRANSFORMATIONS/Translations/Dharmamitra/en-commentaries/about.md
seeded 3-TRANSFORMATIONS/Translations/Dharmamitra/en-commentaries/style.md
source     : 1-SOURCES/Commentaries/bo-mipham-lekshe.md
target     : english (en)   focus=tibetan
track      : 3-TRANSFORMATIONS/Translations/Dharmamitra/en-commentaries
blocks     : 487 total, 0 already in ledger, 487 to do
batching   : 479 calls for 487 blocks (<=3 blocks, <=900 chars, <=32 lines per call)
[1/479] ^0-1  (1 blk, 115 src, 1158 payload) … 2.3s  Herein is contained the *Commentary on the Precious 
[2/479] ^0-2  (1 blk, 1088 src, 2591 payload) … 4.3s  An Explanation According to the Mode of Emptiness as
[3/479] ^0-3  (1 blk, 89 src, 1248 payload) … 2.0s  Regarding the two ways of explaining—explaining acco
[4/479] ^1-1  (1 blk, 69 src, 1574 payload) … 2.1s  Regarding the first, there are four parts: the meani
[5/479] ^1-2  (1 blk, 839 src, 2647 payload) … 3.5s  First, in the Indian language, *ārya* means "noble" 
[6/479] ^1-3  (1 blk, 248 src, 3625 payload) … 2.5s  The homage of the translator: Second, prior to the g
[7/479] ^1-4  (1 blk, 101 src, 1914 payload) … 1.8s  Third, regarding the meaning of the main text, there
[8/479] ^1-5  (1 blk, 661 src, 2828 payload) … 3.0s  First, regarding the perfect location, it is Vulture
[9/479] ^1-6  (1 blk, 95 src, 3774 payload) … 1.6s  ༈ The actual meaning of the text: The second part ha
[10/479] ^1-7  (1 blk, 99 src, 3471 payload) … 2.2s  ༈ The exhortation to listen to the Dharma. The first
[11/479] ^1-8  (1 blk, 1387 src, 4778 payload) … 5.6s  ༈ The actual meaning. The first part is taught in a 
[12/479] ^1-9  (1 blk, 42 src, 1201 payload) … 1.6s  Regarding the second, there are three—example, meani
[13/479] ^1-10  (1 blk, 618 src, 1968 payload) … 3.1s  Each verse, beginning with "In this Jambudvīpa," ind
[14/479] ^1-11  (1 blk, 504 src, 3245 payload) … 3.2s  In the same way, whatever amount of the Dharma the V
[15/479] ^1-12  (1 blk, 548 src, 2874 payload) … 2.8s  Why is that? It is because the supreme among men, th
[16/479] ^1-13  (1 blk, 72 src, 3716 payload) … 2.1s  Second, regarding the nature of the taught Dharma, t
[17/479] ^1-14  (1 blk, 87 src, 2828 payload) … 2.4s  ༈ The path to be accomplished. Regarding the first, 
[18/479] ^1-15  (1 blk, 130 src, 3206 payload) … 1.9s  ༈ The explanation of the perfection of wisdom, the p
[19/479] ^1-16  (1 blk, 95 src, 2304 payload) … 1.6s  ༈ The approach of teaching in a concise manner. Rega
[20/479] ^1-17  (1 blk, 112 src, 2408 payload) … 1.7s  ༈ The detailed explanation of the basis, the Dharma,
[21/479] ^1-18  (1 blk, 73 src, 2462 payload) … 2.7s  Regarding the first, there are three: the distinctio
[22/479] ^1-19  (1 blk, 105 src, 2344 payload) … 1.7s  ༈ The distinction of realization. Regarding the firs
[23/479] ^1-20  (1 blk, 58 src, 2328 payload) … 2.0s  ༈ The basis as being without a focal object. Regardi
[24/479] ^1-21  (1 blk, 1167 src, 3321 payload) … 4.6s  The brief presentation. Regarding the first, the mea
[25/479] ^1-22  (1 blk, 68 src, 1227 payload) … 2.0s  Regarding the second, there are two: the non-apprehe
[26/479] ^1-23  (1 blk, 53 src, 1486 payload) … 1.5s  Regarding the non-apprehension of the object of know
[27/479] ^1-24  (1 blk, 3798 src, 5469 payload) … 10.3s  The first section, "The non-apprehension of form, et
[28/479] ^1-25  (1 blk, 815 src, 1974 payload) … 4.4s  The second is the example: "Just as..." constitutes 
[29/479] ^1-26  (1 blk, 82 src, 3467 payload) … 1.4s  Regarding the second, there are three parts: teachin
[30/479] ^1-27  (1 blk, 709 src, 2185 payload) … 4.0s  Regarding the first, "Again, this perfection of wisd
[31/479] ^1-28,^1-29  (2 blk, 789 src, 4327 payload) … 3.8s  The second, the meaning of the four lines beginning 
[32/479] ^1-30  (1 blk, 694 src, 3968 payload) … 3.4s  The third, the meaning of the four lines beginning w
[33/479] ^1-31  (1 blk, 898 src, 3887 payload) … 4.1s  The second, the path of non-engagement, is the meani
[34/479] ^1-32  (1 blk, 25 src, 3242 payload) … 1.9s  The third has two parts: the meaning and the analogy
[35/479] ^1-33  (1 blk, 818 src, 4186 payload) … 4.8s  The first is the meaning of the single verse beginni
[36/479] ^1-34  (1 blk, 509 src, 3841 payload) … 3.0s  The second is the meaning of the single verse beginn
[37/479] ^1-35  (1 blk, 53 src, 2550 payload) … 1.9s  The second, regarding the specific qualities of the 
[38/479] ^1-36,^1-37  (2 blk, 634 src, 3749 payload) … 3.2s  First, the meaning of the two lines beginning with "
[39/479] ^1-38  (1 blk, 341 src, 3402 payload) … 2.4s  The second, the meaning of the two lines beginning w
[40/479] ^1-39  (1 blk, 105 src, 2299 payload) … 1.4s  The third, regarding the etymological meaning of "bo
[41/479] ^1-40  (1 blk, 532 src, 3087 payload) … 3.2s  The first, the meaning of the four lines beginning w
[42/479] ^1-41  (1 blk, 62 src, 2927 payload) … 1.6s  The second, regarding the "mahasattva," consists of 
[43/479] ^1-42  (1 blk, 679 src, 3810 payload) … 3.4s  The first, the meaning of the single verse beginning
[44/479] ^1-43  (1 blk, 41 src, 3108 payload) … 1.5s  The second part has two sections: the actual meaning
[45/479] ^1-44  (1 blk, 864 src, 4145 payload) … 4.9s  The first, the meaning of the single verse beginning
[46/479] ^1-45  (1 blk, 22 src, 3601 payload) … 1.3s  The second part has two sections: the example and th
[47/479] ^1-46  (1 blk, 741 src, 4263 payload) … 3.9s  The first, the single verse beginning with "For exam
[48/479] ^1-47  (1 blk, 593 src, 3648 payload) … 2.8s  The second, the single verse beginning with "Form an
[49/479] ^1-48  (1 blk, 110 src, 2697 payload) … 3.2s  The Dharma to be practiced. Second, regarding the Dh
[50/479] ^1-49  (1 blk, 135 src, 3099 payload) … 2.1s  A brief presentation of the essence of the Great Veh
[51/479] ^1-50  (1 blk, 833 src, 4294 payload) … 7.1s  The first, the meaning of the single verse beginning
[52/479] ^1-51  (1 blk, 569 src, 3871 payload) … 3.3s  The second, the meaning of the single verse beginnin
[53/479] ^1-52  (1 blk, 117 src, 2719 payload) … 2.2s  The detailed explanation of its nature. The second, 
[54/479] ^1-53  (1 blk, 88 src, 3095 payload) … 1.5s  The first part has two sections: the demonstration t
[55/479] ^1-54  (1 blk, 687 src, 4059 payload) … 3.9s  The first, the meaning of the single verse beginning
[56/479] ^1-55  (1 blk, 35 src, 3652 payload) … 1.8s  The second part has two sections: what is to be enga
[57/479] ^1-56  (1 blk, 451 src, 3857 payload) … 3.0s  The first is the meaning of the single verse beginni
[58/479] ^1-57  (1 blk, 489 src, 2945 payload) … 3.1s  The second is the meaning of the single verse beginn
[59/479] ^1-58  (1 blk, 463 src, 4081 payload) … 3.1s  The third is the summary of the meaning. It is the m
[60/479] ^1-59  (1 blk, 653 src, 4152 payload) … 3.5s  The third is the result. It is the meaning of the si
[61/479] ^1-60  (1 blk, 522 src, 3296 payload) … 2.9s  Summarizing these points: Second, the summary of the
[62/479] ^1-61  (1 blk, 194 src, 2581 payload) … 2.1s  Second, the presentation of the points of training t
[63/479] ^1-62  (1 blk, 87 src, 3060 payload) … 2.0s  The presentation of the points of training: the firs
[64/479] ^1-63  (1 blk, 71 src, 3369 payload) … 1.6s  The manner of non-abiding: the first part consists o
[65/479] ^1-64  (1 blk, 51 src, 2390 payload) … 1.5s  The explanation of abiding in non-abiding: the first
[66/479] ^1-65  (1 blk, 84 src, 2073 payload) … 2.0s  The first part consists of two sections: not abiding
[67/479] ^1-66  (1 blk, 358 src, 2316 payload) … 2.3s  The first part consists of one verse, "Whoever does 
[68/479] ^1-67  (1 blk, 578 src, 3131 payload) … 3.8s  The second part consists of one verse, "Permanent an
[69/479] ^1-68,^1-69  (2 blk, 579 src, 4354 payload) … 3.4s  The second part consists of one verse, "Just as the 
[70/479] ^1-70  (1 blk, 1793 src, 4393 payload) … 5.5s  The second part is the benefits. This consists of on
[71/479] ^1-71  (1 blk, 111 src, 1270 payload) … 1.8s  Explaining the manner of training in that. The secon
[72/479] ^1-72  (1 blk, 803 src, 2352 payload) … 4.4s  The first, "teaching the Dharma" and so forth, is a 
[73/479] ^1-73  (1 blk, 601 src, 4114 payload) … 3.2s  The second part, "the four types of persons" and so 
[74/479] ^1-74  (1 blk, 99 src, 2839 payload) … 2.4s  Third, regarding the way of training, there are two:
[75/479] ^1-75  (1 blk, 706 src, 3785 payload) … 4.1s  The first point is taught by a single verse, "The bo
[76/479] ^1-76  (1 blk, 854 src, 4131 payload) … 4.0s  The second point is taught by a single verse, "Form 
[77/479] ^1-77  (1 blk, 156 src, 3376 payload) … 2.4s  The second point, identifying the perfection of wisd
[78/479] ^1-78  (1 blk, 1414 src, 3074 payload) … 4.5s  Showing it to be free from oneness and difference. T
[79/479] ^1-79  (1 blk, 854 src, 2013 payload) … 3.5s  [Demonstrating the Boundless] The second point is a 
[80/479] ^1-80  (1 blk, 1073 src, 4312 payload) … 4.7s  [Demonstrating the Inconceivable] The third point is
[81/479] ^1-81  (1 blk, 27 src, 1186 payload) … 2.0s  The teaching of the inconceivable.
[82/479] ^1-82  (1 blk, 91 src, 1382 payload) … 1.7s  Regarding the fourth: the actual primordial purity o
[83/479] ^1-83  (1 blk, 786 src, 2400 payload) … 3.7s  First, the single verse beginning with "If the Teach
[84/479] ^1-84  (1 blk, 1201 src, 4697 payload) … 5.1s  Second, the single verse beginning with "At the time
[85/479] ^1-85  (1 blk, 117 src, 1276 payload) … 2.2s  Third, regarding the accumulation of merit that depe
[86/479] ^1-86  (1 blk, 84 src, 1624 payload) … 2.0s  The benefits of personally upholding it and so forth
[87/479] ^1-87  (1 blk, 696 src, 2541 payload) … 3.5s  Being unharmed by obstacles. The first point concern
[88/479] ^1-88  (1 blk, 50 src, 3501 payload) … 1.3s  Regarding the second, there are two: the benefits of
[89/479] ^1-89  (1 blk, 1500 src, 4782 payload) … 4.8s  The benefits of offering. The first point concerns t
[90/479] ^1-90  (1 blk, 178 src, 1337 payload) … 2.2s  The benefits of training. Second, there are three pa
[91/479] ^1-91  (1 blk, 91 src, 1842 payload) … 1.5s  How all happiness of cyclic existence and peace aris
[92/479] ^1-92  (1 blk, 87 src, 2162 payload) … 1.8s  Stating the meaning. The first has two parts: how th
[93/479] ^1-93  (1 blk, 119 src, 2499 payload) … 2.2s  How the happiness of peace arises. The first has two
[94/479] ^1-94  (1 blk, 491 src, 2656 payload) … 2.8s  How the happiness of mere peace arises. The first, t
[95/479] ^1-95  (1 blk, 356 src, 3386 payload) … 2.7s  The second, the two lines beginning with "Those who 
[96/479] ^1-96  (1 blk, 271 src, 3893 payload) … 2.7s  The second, the two lines beginning with "The happin
[97/479] ^1-97  (1 blk, 110 src, 2889 payload) … 1.6s  The second, regarding the analogies, consists of two
[98/479] ^1-98  (1 blk, 761 src, 3929 payload) … 4.2s  The first, the single verse beginning with "Having p
[99/479] ^1-99  (1 blk, 531 src, 3921 payload) … 2.6s  The second, the single verse beginning with "The uni
[100/479] ^1-100  (1 blk, 147 src, 2622 payload) … 2.3s  How one attains the offering of the physical remains
[101/479] ^1-101  (1 blk, 489 src, 3491 payload) … 3.0s  The first, the single verse beginning with "The Vict
[102/479] ^1-102  (1 blk, 1600 src, 4403 payload) … 5.0s  The second section, the three verses beginning with 
[103/479] ^1-103  (1 blk, 152 src, 1311 payload) … 2.2s  How training in the Mother causes other roots of vir
[104/479] ^1-104  (1 blk, 533 src, 2190 payload) … 2.7s  The first part consists of one verse on "generosity 
[105/479] ^1-105  (1 blk, 581 src, 3572 payload) … 3.5s  The second part consists of two verses on "For examp
[106/479] ^1-106,^1-107  (2 blk, 691 src, 3615 payload) … 3.5s  In the same way, these five perfections of the Victo
[107/479] ^1-108  (1 blk, 81 src, 2878 payload) … 2.4s  Second, regarding the benefits of teaching others, t
[108/479] ^1-109  (1 blk, 102 src, 3206 payload) … 1.9s  *The manner in which one teaches. Regarding the firs
[109/479] ^1-110  (1 blk, 811 src, 2850 payload) … 4.0s  The first is the single verse beginning with "If a b
[110/479] ^1-111,^1-112  (2 blk, 506 src, 4455 payload) … 2.6s  The second is the verse beginning with "In which the
[111/479] ^1-113  (1 blk, 70 src, 2542 payload) … 1.9s  The second part, concerning the benefits of correctl
[112/479] ^1-114  (1 blk, 448 src, 3219 payload) … 3.0s  The first is the single verse beginning with "If som
[113/479] ^1-115  (1 blk, 48 src, 2794 payload) … 2.1s  The second part, concerning the reasons, has two sec
[114/479] ^1-116  (1 blk, 581 src, 3425 payload) … 2.8s  The first is the single verse beginning with "Why is
[115/479] ^1-117  (1 blk, 79 src, 2815 payload) … 1.4s  The second part has two sections: a brief presentati
[116/479] ^1-118  (1 blk, 541 src, 3588 payload) … 3.6s  The first is the single verse beginning with "Withou
[117/479] ^1-119  (1 blk, 81 src, 2859 payload) … 1.5s  The second part has two sections: the example of the
[118/479] ^1-120  (1 blk, 629 src, 3718 payload) … 3.5s  The first is the single verse beginning with "The so
[119/479] ^1-121  (1 blk, 1355 src, 4261 payload) … 4.4s  The second part has two sections, the two verses beg
[120/479] ^1-122  (1 blk, 137 src, 1296 payload) … 2.3s  The manner of generating its nature within the menta
[121/479] ^1-123  (1 blk, 155 src, 1818 payload) … 1.9s  What is to be done during the post-meditative state.
[122/479] ^1-124  (1 blk, 94 src, 2318 payload) … 1.9s  Regarding the first, there are two: the explanation 
[123/479] ^1-125  (1 blk, 24 src, 2591 payload) … 1.9s  Regarding the first, there are two: the example and 
[124/479] ^1-126  (1 blk, 481 src, 2705 payload) … 3.1s  Regarding the first, there is one verse beginning wi
[125/479] ^1-127  (1 blk, 513 src, 3243 payload) … 2.7s  Regarding the second, there is one verse beginning w
[126/479] ^1-128  (1 blk, 1406 src, 5027 payload) … 4.3s  Regarding the second, the basis for rejoicing and de
[127/479] ^1-129  (1 blk, 55 src, 1214 payload) … 2.2s  The second part, regarding dedication, has two secti
[128/479] ^1-130  (1 blk, 104 src, 1519 payload) … 1.9s  The first part has two sections: dedication in the m
[129/479] ^1-131  (1 blk, 76 src, 1852 payload) … 2.0s  The first part has two sections: the individual expl
[130/479] ^1-132  (1 blk, 73 src, 2163 payload) … 1.4s  The first part has two sections: the dedication of w
[131/479] ^1-133  (1 blk, 540 src, 2709 payload) … 3.4s  The first is the single verse beginning with "If one
[132/479] ^1-134  (1 blk, 707 src, 3895 payload) … 3.7s  The second part is the single verse beginning with "
[133/479] ^1-135  (1 blk, 616 src, 3695 payload) … 3.1s  The third part is the summary of the meaning of thos
[134/479] ^1-136  (1 blk, 962 src, 3715 payload) … 3.8s  The second part is the conventional dedication. It i
[135/479] ^1-137  (1 blk, 79 src, 3474 payload) … 2.3s  The second part, the benefits of having dedicated in
[136/479] ^1-138  (1 blk, 493 src, 1953 payload) … 2.5s  The first is the single verse beginning with "merit 
[137/479] ^1-139  (1 blk, 68 src, 2623 payload) … 2.1s  The second part has two sections: the manner of atta
[138/479] ^1-140  (1 blk, 120 src, 2984 payload) … 1.7s  The first part has two sections: how the other perfe
[139/479] ^1-141  (1 blk, 611 src, 3591 payload) … 3.8s  The first is the single verse beginning with "the bl
[140/479] ^1-142  (1 blk, 945 src, 4273 payload) … 3.9s  The second is the single verse beginning with "when 
[141/479] ^1-143  (1 blk, 106 src, 3525 payload) … 2.0s  The second part consists of two points: showing how 
[142/479] ^1-144  (1 blk, 523 src, 2109 payload) … 3.1s  The first point consists of one verse, "When conditi
[143/479] ^1-145  (1 blk, 497 src, 3401 payload) … 3.4s  The second point consists of one verse, "If I..." an
[144/479] ^1-146  (1 blk, 126 src, 2530 payload) … 1.9s  The cause for increasing from one level to the next 
[145/479] ^1-147  (1 blk, 532 src, 3373 payload) … 2.7s  The first point consists of one verse, "A bodhisattv
[146/479] ^1-148  (1 blk, 705 src, 3533 payload) … 3.1s  The second point consists of one verse, "During the 
[147/479] ^1-149,^1-150  (2 blk, 716 src, 3973 payload) … 3.5s  The third point consists of one verse, "Therefore...
[148/479] ^1-151  (1 blk, 100 src, 3096 payload) … 1.8s  The second, the manner of cultivating in meditative 
[149/479] ^1-152  (1 blk, 3327 src, 6685 payload) … 8.3s  The essence of purified primordial wisdom: The first
[150/479] ^1-153  (1 blk, 34 src, 1193 payload) … 